
isaac@PCpatito MINGW64 ~
$ ^C

isaac@PCpatito MINGW64 ~
$ ssh-keygen -t rsa -b 4096 -C"chavitodenegro@gmail.com"
Generating public/private rsa key pair.
Enter file in which to save the key (/c/Users/isaac/.ssh/id_rsa):
Created directory '/c/Users/isaac/.ssh'.
Enter passphrase (empty for no passphrase):
Enter same passphrase again:
Your identification has been saved in /c/Users/isaac/.ssh/id_rsa.
Your public key has been saved in /c/Users/isaac/.ssh/id_rsa.pub.
The key fingerprint is:
SHA256:eADt2baBFWO781YKTZitzppZCgdKH+znxcUTjgpF8n0 chavitodenegro@gmail.com
The key's randomart image is:
+---[RSA 4096]----+
|    o.. +.       |
|     =.o.*       |
|     .+== E      |
|   . .+o+X .     |
|  . = ..So* .    |
| . + + *.= +     |
|  . + + * +      |
|     = B .       |
|      *          |
+----[SHA256]-----+

isaac@PCpatito MINGW64 ~
$ cd /d

isaac@PCpatito MINGW64 /d
$ git clone https://github.com/isaac0155/PDM-Isaac-Herrera-MAre-o.git
Cloning into 'PDM-Isaac-Herrera-MAre-o'...
remote: Enumerating objects: 4, done.
remote: Counting objects: 100% (4/4), done.
remote: Compressing objects: 100% (4/4), done.
remote: Total 4 (delta 0), reused 0 (delta 0), pack-reused 0
Unpacking objects: 100% (4/4), 1.32 KiB | 6.00 KiB/s, done.

isaac@PCpatito MINGW64 /d
$ cd dpm
bash: cd: dpm: No such file or directory

isaac@PCpatito MINGW64 /d
$ cd PDM-Isaac-Herrera-MAre-o

isaac@PCpatito MINGW64 /d/PDM-Isaac-Herrera-MAre-o (master)
$ git status
On branch master
Your branch is up to date with 'origin/master'.

Untracked files:
  (use "git add <file>..." to include in what will be committed)
        introduccion/

nothing added to commit but untracked files present (use "git add" to track)

isaac@PCpatito MINGW64 /d/PDM-Isaac-Herrera-MAre-o (master)
$ git add .

isaac@PCpatito MINGW64 /d/PDM-Isaac-Herrera-MAre-o (master)
$ git status
On branch master
Your branch is up to date with 'origin/master'.

Changes to be committed:
  (use "git restore --staged <file>..." to unstage)
        new file:   introduccion/holamundo.txt


isaac@PCpatito MINGW64 /d/PDM-Isaac-Herrera-MAre-o (master)
$ git commit -a

*** Please tell me who you are.

Run

  git config --global user.email "you@example.com"
  git config --global user.name "Your Name"

to set your account's default identity.
Omit --global to set the identity only in this repository.

fatal: unable to auto-detect email address (got 'isaac@PCpatito.(none)')

isaac@PCpatito MINGW64 /d/PDM-Isaac-Herrera-MAre-o (master)
$ ^C

isaac@PCpatito MINGW64 /d/PDM-Isaac-Herrera-MAre-o (master)
$ git config --global user.email "chavitodenegro@example.com"

isaac@PCpatito MINGW64 /d/PDM-Isaac-Herrera-MAre-o (master)
$ ^C

isaac@PCpatito MINGW64 /d/PDM-Isaac-Herrera-MAre-o (master)
$ git config --global user.name "isaac herrera"

isaac@PCpatito MINGW64 /d/PDM-Isaac-Herrera-MAre-o (master)
$ git commit -a
[master 3635ad8] mi primer commit!!!
 1 file changed, 1 insertion(+)
 create mode 100644 introduccion/holamundo.txt

isaac@PCpatito MINGW64 /d/PDM-Isaac-Herrera-MAre-o (master)
$ git push origin master
Enumerating objects: 5, done.
Counting objects: 100% (5/5), done.
Delta compression using up to 8 threads
Compressing objects: 100% (2/2), done.
Writing objects: 100% (4/4), 388 bytes | 388.00 KiB/s, done.
Total 4 (delta 0), reused 0 (delta 0)
To https://github.com/isaac0155/PDM-Isaac-Herrera-MAre-o.git
   4ec799e..3635ad8  master -> master

isaac@PCpatito MINGW64 /d/PDM-Isaac-Herrera-MAre-o (master)
$ git status
On branch master
Your branch is up to date with 'origin/master'.

Untracked files:
  (use "git add <file>..." to include in what will be committed)
        introduccion/holamundo.js

nothing added to commit but untracked files present (use "git add" to track)

isaac@PCpatito MINGW64 /d/PDM-Isaac-Herrera-MAre-o (master)
$ git add .

isaac@PCpatito MINGW64 /d/PDM-Isaac-Herrera-MAre-o (master)
$ git status
On branch master
Your branch is up to date with 'origin/master'.

Changes to be committed:
  (use "git restore --staged <file>..." to unstage)
        new file:   introduccion/holamundo.js


isaac@PCpatito MINGW64 /d/PDM-Isaac-Herrera-MAre-o (master)
$ git commit -a
[master 0eea08b] segundo commit
 1 file changed, 1 insertion(+)
 create mode 100644 introduccion/holamundo.js

isaac@PCpatito MINGW64 /d/PDM-Isaac-Herrera-MAre-o (master)
$ git push origin master
Enumerating objects: 6, done.
Counting objects: 100% (6/6), done.
Delta compression using up to 8 threads
Compressing objects: 100% (3/3), done.
Writing objects: 100% (4/4), 346 bytes | 346.00 KiB/s, done.
Total 4 (delta 1), reused 0 (delta 0)
remote: Resolving deltas: 100% (1/1), completed with 1 local object.
To https://github.com/isaac0155/PDM-Isaac-Herrera-MAre-o.git
   3635ad8..0eea08b  master -> master

isaac@PCpatito MINGW64 /d/PDM-Isaac-Herrera-MAre-o (master)
$ $ git config --global alias.st status
bash: $: command not found

isaac@PCpatito MINGW64 /d/PDM-Isaac-Herrera-MAre-o (master)
$ $ git config --global alias.ss status
bash: $: command not found

isaac@PCpatito MINGW64 /d/PDM-Isaac-Herrera-MAre-o (master)
$ git config --global alias.ss status

isaac@PCpatito MINGW64 /d/PDM-Isaac-Herrera-MAre-o (master)
$ git checkout -b hito2
Switched to a new branch 'hito2'

isaac@PCpatito MINGW64 /d/PDM-Isaac-Herrera-MAre-o (hito2)
$ git branch -a
* hito2
  master
  remotes/origin/HEAD -> origin/master
  remotes/origin/master

isaac@PCpatito MINGW64 /d/PDM-Isaac-Herrera-MAre-o (hito2)
$ git checkout master
Switched to branch 'master'
Your branch is up to date with 'origin/master'.

isaac@PCpatito MINGW64 /d/PDM-Isaac-Herrera-MAre-o (master)
$ git checkout hito2
Switched to branch 'hito2'

isaac@PCpatito MINGW64 /d/PDM-Isaac-Herrera-MAre-o (hito2)
$ git checkout master
Switched to branch 'master'
Your branch is up to date with 'origin/master'.

isaac@PCpatito MINGW64 /d/PDM-Isaac-Herrera-MAre-o (master)
$ git push origin hito2
Total 0 (delta 0), reused 0 (delta 0)
remote:
remote: Create a pull request for 'hito2' on GitHub by visiting:
remote:      https://github.com/isaac0155/PDM-Isaac-Herrera-MAre-o/pull/new/hito2
remote:
To https://github.com/isaac0155/PDM-Isaac-Herrera-MAre-o.git
 * [new branch]      hito2 -> hito2

isaac@PCpatito MINGW64 /d/PDM-Isaac-Herrera-MAre-o (master)
$
